/Users/adamholsinger/Library/Caches/pypoetry/virtualenvs/playwright-mcp-nGHZkZZu-py3.12/lib/python3.12/site-packages/pytest_asyncio/plugin.py:207: PytestDeprecationWarning: The configuration option "asyncio_default_fixture_loop_scope" is unset.
The event loop scope for asynchronous fixtures will default to the fixture caching scope. Future versions of pytest-asyncio will default the loop scope for asynchronous fixtures to function scope. Set the default fixture loop scope explicitly in order to avoid unexpected behavior in the future. Valid fixture loop scopes are: "function", "class", "module", "package", "session"

  warnings.warn(PytestDeprecationWarning(_DEFAULT_FIXTURE_LOOP_SCOPE_UNSET))
============================= test session starts ==============================
platform darwin -- Python 3.12.7, pytest-8.3.4, pluggy-1.5.0 -- /Users/adamholsinger/Library/Caches/pypoetry/virtualenvs/playwright-mcp-nGHZkZZu-py3.12/bin/python
cachedir: .pytest_cache
rootdir: /Users/adamholsinger/production_monitor/playwright_mcp
configfile: pyproject.toml
plugins: cov-6.0.0, anyio-4.7.0, asyncio-0.25.1
asyncio: mode=Mode.AUTO, asyncio_default_fixture_loop_scope=None
collecting ... collected 37 items

tests/integration/test_execute_js.py::test_execute_simple_js 